// Jest Snapshot v1, https://goo.gl/fbAQLP

exports[`<DisableProductReviews /> should return null 1`] = `""`;
