// Jest Snapshot v1, https://goo.gl/fbAQLP

exports[`<YotpoMainWidget /> should not render if there is product props 1`] = `
<YotpoMainWidget
  config={
    Object {
      "yotpoAppKey": null,
    }
  }
  product={null}
  productId="2"
/>
`;

exports[`<YotpoMainWidget /> should render yotpo divs when a product is passed 1`] = `
<YotpoMainWidget
  config={
    Object {
      "yotpoAppKey": null,
    }
  }
  product={
    Object {
      "featuredImageUrl": "www.123456.com",
      "name": "item",
      "productUrl": "wwww.123.com",
    }
  }
  productId="2"
>
  <div
    className="yotpo yotpo-main-widget css-1bzblm8 css-1gv7y8"
    data-description=""
    data-image-url="www.123456.com"
    data-name="item"
    data-product-id="2"
    data-url="wwww.123.com"
  />
</YotpoMainWidget>
`;
